I'm sorry, but errors were detected in your script. Please correct the
errors listed below, and try again.


File "game/custom/customscreens.rpy", line 77: Indentation mismatch.

Ren'Py Version: Ren'Py 8.0.3.22090809
Fri Jun  9 14:51:46 2023
